// Jest Snapshot v1, https://goo.gl/fbAQLP

exports[`ErrorComponent matches snapshot 1`] = `
<DocumentFragment>
  <div
    class="errorWrap css-xi606m"
  >
    <p
      class="chakra-text css-17u9iup"
      data-testid="error"
    >
      An unexpected error occurred
    </p>
    <button
      class="chakra-button css-kboz6o"
      data-testid="reload"
      type="button"
    >
      Try Again
    </button>
  </div>
</DocumentFragment>
`;
