// Jest Snapshot v1, https://goo.gl/fbAQLP

exports[`PropertyInfoComponent matches snapshot 1`] = `
<DocumentFragment>
  <div
    class="css-vjwr8m"
  >
    <img
      class="chakra-image css-afi9h6"
      src="any_url"
    />
    <h1
      class="chakra-heading css-1y1i1kg"
    >
      any_name
    </h1>
    <p
      class="chakra-text css-1tg6nva"
    >
      Guests: 1 | Bedrooms: 1 | Beds: 1
    </p>
    <p
      class="chakra-text css-1j9oeic"
    >
      any_description
    </p>
    <div
      class="css-1gvcg4y"
    >
      <p
        class="chakra-text css-e5hj7u"
      >
        $1/night
      </p>
      <p
        class="chakra-text css-e5hj7u"
      >
        Cleaning Fee: $1/
      </p>
      <p
        class="chakra-text css-e5hj7u"
      >
        Service Fee: $1/
      </p>
    </div>
    <div>
      children
    </div>
  </div>
</DocumentFragment>
`;
